# label	class	bucket	n	redacted_keyless	redacted_as_key
ambiguous	epoch-millis	13-16	10	0	0
ambiguous	git-sha-40	25-40	10	0	0
ambiguous	git-sha-short	06-08	10	0	0
ambiguous	k8s-pod-name	17-24	10	10	0
ambiguous	objectid-24	17-24	10	0	0
ambiguous	sha256-64	41+	10	10	0
ambiguous	uuid	25-40	10	0	0
safe	cyrillic-word	01-05	2	0	0
safe	cyrillic-word	06-08	8	0	0
safe	cyrillic-word	09-12	17	2	0
safe	cyrillic-word	13-16	13	3	0
safe	dictionary-word	01-05	50	0	0
safe	dictionary-word	06-08	75	0	0
safe	dictionary-word	09-12	100	0	0
safe	dictionary-word	13-16	100	1	0
safe	event-name-dotted	09-12	6	1	0
safe	event-name-dotted	13-16	31	9	0
safe	event-name-dotted	17-24	5	0	0
safe	identifier-pascal	09-12	1	0	0
safe	identifier-pascal	13-16	8	1	0
safe	identifier-pascal	17-24	20	3	0
safe	identifier-pascal	25-40	1	0	0
safe	log-field-camel	06-08	14	0	0
safe	log-field-camel	09-12	50	3	0
safe	log-field-camel	13-16	16	1	0
safe	log-field-snake	06-08	6	0	0
safe	log-field-snake	09-12	51	11	0
safe	log-field-snake	13-16	23	9	0
safe	misc-structured	01-05	9	0	0
safe	misc-structured	06-08	10	3	0
safe	misc-structured	09-12	13	4	0
safe	misc-structured	13-16	6	0	0
safe	misc-structured	17-24	2	1	1
safe	smoke-safe-token	01-05	25	0	0
safe	smoke-safe-token	06-08	9	0	0
safe	smoke-safe-token	09-12	22	0	0
safe	smoke-safe-token	13-16	1	0	0
safe	smoke-safe-token	25-40	1	0	0
secret	human-password	06-08	1	0	0
secret	human-password	09-12	27	18	0
secret	human-password	13-16	1	1	0
secret	human-password	25-40	1	0	0
secret	random-base64	06-08	40	16	0
secret	random-base64	09-12	40	37	0
secret	random-base64	13-16	40	39	0
secret	random-base64	17-24	40	39	0
secret	random-base64	25-40	40	40	0
secret	random-base64	41+	40	40	0
secret	random-hex	06-08	40	0	0
secret	random-hex	09-12	40	4	0
secret	random-hex	13-16	40	25	0
secret	random-hex	17-24	40	16	0
secret	random-hex	25-40	40	20	0
secret	random-hex	41+	40	40	0
secret	random-lower-digit	06-08	40	1	0
secret	random-lower-digit	09-12	40	27	0
secret	random-lower-digit	13-16	40	38	0
secret	random-lower-digit	17-24	40	40	0
secret	random-lower-digit	25-40	40	40	0
secret	random-lower-digit	41+	40	40	0
secret	random-mixed-alnum	06-08	40	15	0
secret	random-mixed-alnum	09-12	40	39	0
secret	random-mixed-alnum	13-16	40	40	0
secret	random-mixed-alnum	17-24	40	40	0
secret	random-mixed-alnum	25-40	40	40	0
secret	random-mixed-alnum	41+	40	40	0
secret	smoke-keyless-secret	13-16	127	127	0
secret	smoke-secret	17-24	304	304	0
